// Jest Snapshot v1, https://goo.gl/fbAQLP

exports[`App unit test should render 1`] = `
<div>
  <div
    class="stylesModule.App"
  >
    <svg
      class="text-sky-600 rotate m-8"
      height="512"
      width="512"
    >
      react-logo.svg
    </svg>
    <h1
      class="stylesModule.title"
    >
      Vite + React template project
    </h1>
    <div
      class="z-0"
    >
      <button
        class="btn rounded"
      >
        -
      </button>
      <span
        class="counter inline-block min-w-[3rem]"
      >
        0
      </span>
      <button
        class="btn rounded"
      >
        +
      </button>
    </div>
  </div>
</div>
`;
